Probe_ID	9248833010_A.AVG_Signal	9248833010_A.BEAD_STDERR	9248833010_A.Avg_NBEADS	9248833010_A.Detection Pval	9248833010_B.AVG_Signal	9248833010_B.BEAD_STDERR	9248833010_B.Avg_NBEADS	9248833010_B.Detection Pval	9248833010_C.AVG_Signal	9248833010_C.BEAD_STDERR	9248833010_C.Avg_NBEADS	9248833010_C.Detection Pval	9248833010_D.AVG_Signal	9248833010_D.BEAD_STDERR	9248833010_D.Avg_NBEADS	9248833010_D.Detection Pval	9248833010_E.AVG_Signal	9248833010_E.BEAD_STDERR	9248833010_E.Avg_NBEADS	9248833010_E.Detection Pval	9248833010_F.AVG_Signal	9248833010_F.BEAD_STDERR	9248833010_F.Avg_NBEADS	9248833010_F.Detection Pval	9248833010_G.AVG_Signal	9248833010_G.BEAD_STDERR	9248833010_G.Avg_NBEADS	9248833010_G.Detection Pval	9248833010_H.AVG_Signal	9248833010_H.BEAD_STDERR	9248833010_H.Avg_NBEADS	9248833010_H.Detection Pval	9248833010_I.AVG_Signal	9248833010_I.BEAD_STDERR	9248833010_I.Avg_NBEADS	9248833010_I.Detection Pval	9248833010_J.AVG_Signal	9248833010_J.BEAD_STDERR	9248833010_J.Avg_NBEADS	9248833010_J.Detection Pval	9248833010_K.AVG_Signal	9248833010_K.BEAD_STDERR	9248833010_K.Avg_NBEADS	9248833010_K.Detection Pval	9248833010_L.AVG_Signal	9248833010_L.BEAD_STDERR	9248833010_L.Avg_NBEADS	9248833010_L.Detection Pval
ILMN_3311160	4.9523782389067	0.302840967878559	28	0.327698309492848	4.95991676872491	0.325044083652646	26	0.414154652686763	5.07152649296426	0.55395214710596	16	0.405511811023622	4.82162247396112	0.543986707131152	22	0.679319371727749	4.94631884456707	0.423958713336649	20	0.320261437908497	4.93305790368597	0.436390502642995	27	0.384915474642393	4.9314809381299	0.338664025252226	20	0.511140235910878	4.98598225671864	0.339236530978729	21	0.397905759162304	5.05159350841059	0.325595942749149	29	0.18717277486911	4.87710587851925	0.360107441327368	20	0.648366013071895	5.10098522970792	0.495444565932872	24	0.154248366013072	5.03874074215295	0.299342999614297	15	0.295424836601307
ILMN_3311165	4.97980709303671	0.330051801880769	15	0.243172951885566	5.53867857445993	0.146597578776628	11	0	5.37222610821739	0.821536281643711	12	0.0616797900262467	5.36068337729439	0.218374246625405	20	0	5.2320897072586	0.41669571756277	20	0.0143790849673202	5.48803335848076	0.323194391579064	10	0	5.60965075024653	0.332690036562837	18	0	5.5794732300441	0.270458893545806	8	0	5.39450227127023	0.326244081857602	12	0	5.50844581588233	0.212269445624035	15	0	5.52488357853121	0.432933877843803	17	0	5.58754112372819	0.257190405137629	14	0
ILMN_3311170	4.89928119419261	0.301026029650866	24	0.539661898569571	4.92971421836107	0.249997728193106	23	0.492791612057667	4.99968048696802	0.476464632820998	19	0.526246719160105	4.92168689882177	0.489575514969685	21	0.403141361256545	4.93686655389991	0.444085700610776	20	0.34640522875817	4.96874193075947	0.411669812339903	23	0.301690507152146	4.69940733915115	0.485516936515355	16	0.937090432503277	4.8750758505049	0.329358785252861	23	0.663612565445026	4.91767635169844	0.312014973532472	18	0.465968586387435	4.97485068736309	0.412215993560576	26	0.423529411764706	4.92535422613018	0.464946748025455	20	0.513725490196078	5.16474779094195	0.319889936675513	20	0.115032679738562
